haystackCircular error message:
*-----*
|     |
|  file1.spice
|     |
|  file2.spice
|     |
|  file3.spice
|     |
|  file4.spice
|     |
*-----*

Version info:
Spice version: 0.21.0 linux/amd64
Git hash:      550d422264c1127128115ba962b804b0ae8dee28
LLVM version:  20.1.5
built by:      GitHub Actions

(c) Marc Auberer 2021-2025
All assertions passed!