Unoptimized IR:
; ModuleID = 'test'
source_filename = "test"

@helloWorldStr = private unnamed_addr constant [15 x i8] c"Hello, world!\0A\00", align 1

define i32 @main() {
  %1 = call i32 (ptr, i32, ...) @printf(ptr @helloWorldStr, i32 3)
  ret i32 0
}

declare i32 @printf(ptr, i32, ...)
Optimized IR:
; ModuleID = 'test'
source_filename = "test"

@str = private unnamed_addr constant [14 x i8] c"Hello, world!\00", align 1

; Function Attrs: nofree nounwind
define noundef i32 @main() local_unnamed_addr #0 {
  %puts = tail call i32 @puts(ptr nonnull dereferenceable(1) @str)
  ret i32 0
}

; Function Attrs: nofree nounwind
declare noundef i32 @puts(ptr noundef readonly captures(none)) local_unnamed_addr #0

attributes #0 = { nofree nounwind }
