Size of double: 8
Size of int: 4
Size of short: 2
Size of long: 8
Size of byte: 1
Size of char: 1
Size of string: 8
Size of bool: 1
Size of int[7]: 28
Size of int*: 8
Size of struct type: 16
