Hash (double): 4136456364
Hash (int): 78084107
Hash (short): 78084107
Hash (long): 1895306963
Hash (char): 78084107
Hash (byte): 78084107
Hash (string): 3935623526
Hash (String): 3935623526
Hash (HashableType): 2375189472
