Hash (double): 4638355772470722560
Hash (int): 123
Hash (short): 123
Hash (long): 123
Hash (char): 123
Hash (byte): 123
Hash (string): 5904905660241445518
Hash (String): 5904905660241445518
Hash (HashableType): 124
