100: 100
5: 5
2: 2
102: 102
99: 99
4: 4
1: 1
101: 101
1265: 1265
3: 3
