[Error|Semantic] ./source.spice:4:1:
Multiple declarations of a procedure: 'p foo(byte*&)' is declared twice

4  p foo<T>(T*& ptr) {}
   ^^^^^^^^^^^^^^^^^^^^