Sizeof output: 8
Sizeof output: 4
Sizeof output: 16
Sizeof output: 8
