[Error|Compiler]:
Unresolved soft errors: There are unresolved errors. Please fix them and recompile.

[Error|Semantic] ./source.spice:4:17:
Unsafe operation in safe context: Cannot apply '(cast)' operator on types int* and long* as this is an unsafe operation. Please use unsafe blocks if you know what you are doing.

4  int* iPtr = cast<int*>(lPtr);
               ^^^^^^^^^^^^^^^^