[Error|Compiler]:
Unresolved soft errors: There are unresolved errors. Please fix them and recompile.

[Error|Semantic] ./source.spice:4:13:
Insufficient symbol visibility: Struct 's1::Vector' has insufficient visibility

4  dyn s = s1::Vector{1};
           ^^^^^^^^^^^^^