100: 100
5: 6
2: 3
102: 102
99: 99
4: 5
1: 2
101: 101
1265: 100
3: 4
